// Jest Snapshot v1, https://goo.gl/fbAQLP

exports[`<QuestionAutoScore /> renders displayNumber number when there are more than one answer 1`] = `null`;

exports[`<QuestionAutoScore /> renders with score 1`] = `null`;

exports[`<QuestionAutoScore /> renders without score 1`] = `null`;
