// Jest Snapshot v1, https://jestjs.io/docs/snapshot-testing

exports[`<AnsweringInstructions /> question 2 child questions and maxAnswers = 1 1`] = `"Vastaa joko kohtaan 1.1 tai 1.2."`;

exports[`<AnsweringInstructions /> question fallback 1`] = `"Vastaa 11 kohdista 1.1–1.12."`;

exports[`<AnsweringInstructions /> question numerals 1`] = `"Vastaa yhteen kohdista 1.1–1.10."`;

exports[`<AnsweringInstructions /> question numerals 2`] = `"Vastaa viiteen kohdista 1.1–1.10."`;

exports[`<AnsweringInstructions /> section 2 child questions and maxAnswers = 1 1`] = `"Vastaa joko tehtävään 1 tai 2."`;

exports[`<AnsweringInstructions /> section fallback 1`] = `"Vastaa 2–5 tehtävään."`;

exports[`<AnsweringInstructions /> section fallback 2`] = `"Vastaa 11 tehtävään."`;

exports[`<AnsweringInstructions /> section numerals 1`] = `"Vastaa yhteen tehtävään."`;

exports[`<AnsweringInstructions /> section numerals 2`] = `"Vastaa viiteen tehtävään."`;
