// Jest Snapshot v1, https://goo.gl/fbAQLP

exports[`renderAnnotations() annotation starts after <br /> tags 1`] = `<br><mark class="e-annotation e-annotation--pregrading" title="foo">Lorem<sup class="e-annotation__index e-annotation__index--text" data-content="1)"></sup></mark> ipsum dolor sit amet`;

exports[`renderAnnotations() checks the length of annotated images correctly in the text annotation code 1`] = `Lorem <span class="e-annotation-wrapper"><img src=""><mark class="e-annotation e-annotation--shape e-annotation--pregrading" title="First image annotation" style="left: 0%; top: 0%; right: 0%; bottom: 0%;"><sup class="e-annotation__index e-annotation__index--shape" data-content="1)">1)</sup></mark></span> ipsum dolor <span class="e-annotation-wrapper"><img src=""><mark class="e-annotation e-annotation--shape e-annotation--pregrading" title="First image annotation" style="left: 0%; top: 0%; right: 0%; bottom: 0%;"><sup class="e-annotation__index e-annotation__index--shape" data-content="2)">2)</sup></mark></span> sit<mark class="e-annotation e-annotation--pregrading" title="Text annotation"> amet<sup class="e-annotation__index e-annotation__index--text" data-content="3)"></sup></mark>`;

exports[`renderAnnotations() line annotation 1`] = `Lorem <span class="e-annotation-wrapper"><img src=""><mark class="e-annotation e-annotation--shape e-annotation--pregrading" title="foo" style="left: 25%; top: 25%; right: 25%; bottom: 75%;"><sup class="e-annotation__index e-annotation__index--shape" data-content="1)">1)</sup></mark></span> ipsum dolor sit amet`;

exports[`renderAnnotations() one text annotation 1`] = `<mark class="e-annotation e-annotation--pregrading" title="foo">Lorem<sup class="e-annotation__index e-annotation__index--text" data-content="1)"></sup></mark> ipsum dolor sit amet`;

exports[`renderAnnotations() overlapping pregrading and censoring annotations 1`] = `<mark class="e-annotation e-annotation--censoring" title="bar">Lorem</mark><mark class="e-annotation e-annotation--pregrading" title="foo"><mark class="e-annotation e-annotation--censoring" title="bar"> ipsu<sup class="e-annotation__index e-annotation__index--text" data-content="2)"></sup></mark>m dol<sup class="e-annotation__index e-annotation__index--text" data-content="1)"></sup></mark>or sit amet`;

exports[`renderAnnotations() rect annotation 1`] = `Lorem <span class="e-annotation-wrapper"><img src=""><mark class="e-annotation e-annotation--shape e-annotation--pregrading" title="foo" style="left: 25%; top: 25%; right: 25%; bottom: 25%;"><sup class="e-annotation__index e-annotation__index--shape" data-content="1)">1)</sup></mark></span> ipsum dolor sit amet`;

exports[`renderAnnotations() text annotation through an image 1`] = `<mark class="e-annotation e-annotation--pregrading" title="foo">Lorem <img src=""> ip<sup class="e-annotation__index e-annotation__index--text" data-content="1)"></sup></mark>sum dolor sit amet`;

exports[`renderAnnotations() two text annotations with space in between 1`] = `<mark class="e-annotation e-annotation--pregrading" title="foo">Lorem<sup class="e-annotation__index e-annotation__index--text" data-content="1)"></sup></mark> ipsu<mark class="e-annotation e-annotation--pregrading" title="bar">m dol<sup class="e-annotation__index e-annotation__index--text" data-content="2)"></sup></mark>or sit amet`;

exports[`renderAnnotations() two text annotations, side by side 1`] = `<mark class="e-annotation e-annotation--pregrading" title="foo">Lorem<sup class="e-annotation__index e-annotation__index--text" data-content="1)"></sup></mark><mark class="e-annotation e-annotation--pregrading" title="bar"> ipsu<sup class="e-annotation__index e-annotation__index--text" data-content="2)"></sup></mark>m dolor sit amet`;
