// Jest Snapshot v1, https://goo.gl/fbAQLP

exports[`Exam migrations migrates an old exam to the current schema 1`] = `
<?xml version="1.0" encoding="UTF-8"?>
<e:exam xmlns:e="http://ylioppilastutkinto.fi/exam.xsd" xmlns="http://www.w3.org/1999/xhtml" xmlns:xsi="http://www.w3.org/2001/XMLSchema-instance" xsi:schemaLocation="http://ylioppilastutkinto.fi/exam.xsd https://abitti.dev/schema/exam.xsd" exam-schema-version="0.3" date="2020-01-01" exam-code="A" day-code="X">
    <e:languages>
        <e:language>fi-FI</e:language>
        <e:language>sv-FI</e:language>
    </e:languages>
    <e:exam-title/>
    <e:exam-instruction/>
    <e:section>
        <e:section-title/>
        <e:question>
            <e:question-title/>
            <e:audio src="1.ogg"><e:audio-title>
                Audio file <em>description</em>
            </e:audio-title></e:audio>
            <e:image src="1.jpg"><e:image-title>
                Audio file <em>description</em>
            </e:image-title></e:image>
        </e:question>
    </e:section>
</e:exam>

`;
